Task: 创建一个new文件夹在我的电脑桌面
Using tool: shell
  Args: command='dir "%USERPROFILE%\\Desktop\\new"'
Result:  Volume in drive C is OS
 Volume Serial Number is 0A8A-E7C2

 Directory of C:\Users\Administrator\Desktop\new

2026/03/09  22:47    <DIR>          .
2026/03/09  22:47    <DIR>          ..
     ...
Reflecting: Okay, let's analyze the situation based on the tool's output.

**1. 是否成功?**

The command `dir "%USERPROFILE%\\Desktop\\new"` executed successfully.  It returned the directory listing for `C:\Users\Administrator\Desktop\new`. The crucial piece of information is:

`2026/03/09  22:47    <DIR>          .
2026/03/09  22:47    <DIR>          ..`

This tells us that the directory `C:\Users\Administrator\Desktop\new` **already exists**.  It's not a "success" in terms of *creating* the directory, because it was already there. The next step *must not* attempt to create this directory again.

**2. 是否需要重试?**

No. The error message that would indicate a creation failure (like "The system cannot find the path specified" or "A subdirectory or file new already exists.") did not occur.  The directory *does* exist.  Retrying the "create directory" command would be redundant and potentially problematic if subsequent steps expect the directory to be empty.

**3. 下一步干什么?**

Given that the directory `C:\Users\Administrator\Desktop\new` exists, the next step should be to perform the operation intended *within* this directory.  The task likely intends for us to create a file *inside* this existing directory.  Let's assume, for the sake of argument, the task wants us to create a file named "my_file.txt" within this directory. The next command should be:

`echo "This is a test" > "%USERPROFILE%\\Desktop\\new\\my_file.txt"`

This command creates a file named "my_file.txt" inside the "new" directory and writes the text "This is a test" to it.  (I'm using `echo` and redirection as a simple file creation method in Windows.)

**Task Type Identification and Path Understanding:**

The initial attempt using `dir` suggests that the task's intent is file manipulation (specifically, creating something in an existing directory). The phrase "in the X folder" indicates that X is the directory path and we shouldn't try to create X itself.

**Revised Action Plan:**

1.  Recognize that `C:\Users\Administrator\Desktop\new` already exists.
2.  Create a file named "my_file.txt" inside the directory using `echo "This is a test" > "%USERPROFILE%\\Desktop\\new\\my_file.txt"`.

I'm ready for the next instruction.  To be more efficient, can you please clarify what the goal is *within* the "new" directory?  What file should be created and what should its contents be?
Using tool: shell
  Args: command='mkdir "%USERPROFILE%\\Desktop\\new"'
Result: Command failed with exit code 1: A subdirectory or file C:\Users\Administrator\Desktop\new already exists.
 (目录/文件已存在，建议直接在该路径下操作，不要重复创建)
Reflecting: Okay, let's analyze the situation.

1. **是否成功?**
   - No, the command failed. The error message indicates that a directory or file named "new" already exists at the specified location: `C:\Users\Administrator\Desktop\new`.

2. **是否需要重试?**
   - No, we do *not* need to retry the creation of the "new" directory. The error message explicitly states it already exists.  Retrying would only reproduce the error.

3. **下一步干什么?**
   - The task likely intended for us to perform an action *within* the "new" directory that already exists. Since the creation command failed because the directory is already present, our next step should be to proceed as if the directory already exists. We need to understand what the original task intended us to do inside this existing "new" directory.  Since I don't have further instructions, I'll end the task. It's best to avoid unnecessary operations.

I'm ending the